Archive member included to satisfy reference by file (symbol)

c:/program files (x86)/atmel/studio/7.0/toolchain/avr8/avr8-gnu-toolchain/bin/../lib/gcc/avr/5.4.0/../../../../avr/lib/avr5\libm.a(addsf3.o)
                              MCAL/SWPwm Module/SWPwm.o (__subsf3)
c:/program files (x86)/atmel/studio/7.0/toolchain/avr8/avr8-gnu-toolchain/bin/../lib/gcc/avr/5.4.0/../../../../avr/lib/avr5\libm.a(addsf3x.o)
                              c:/program files (x86)/atmel/studio/7.0/toolchain/avr8/avr8-gnu-toolchain/bin/../lib/gcc/avr/5.4.0/../../../../avr/lib/avr5\libm.a(addsf3.o) (__addsf3x)
c:/program files (x86)/atmel/studio/7.0/toolchain/avr8/avr8-gnu-toolchain/bin/../lib/gcc/avr/5.4.0/../../../../avr/lib/avr5\libm.a(divsf3.o)
                              MCAL/SWPwm Module/SWPwm.o (__divsf3)
c:/program files (x86)/atmel/studio/7.0/toolchain/avr8/avr8-gnu-toolchain/bin/../lib/gcc/avr/5.4.0/../../../../avr/lib/avr5\libm.a(divsf3x.o)
                              c:/program files (x86)/atmel/studio/7.0/toolchain/avr8/avr8-gnu-toolchain/bin/../lib/gcc/avr/5.4.0/../../../../avr/lib/avr5\libm.a(divsf3.o) (__divsf3x)
c:/program files (x86)/atmel/studio/7.0/toolchain/avr8/avr8-gnu-toolchain/bin/../lib/gcc/avr/5.4.0/../../../../avr/lib/avr5\libm.a(fixunssfsi.o)
                              MCAL/SWPwm Module/SWPwm.o (__fixunssfsi)
c:/program files (x86)/atmel/studio/7.0/toolchain/avr8/avr8-gnu-toolchain/bin/../lib/gcc/avr/5.4.0/../../../../avr/lib/avr5\libm.a(floatsisf.o)
                              MCAL/SWPwm Module/SWPwm.o (__floatunsisf)
c:/program files (x86)/atmel/studio/7.0/toolchain/avr8/avr8-gnu-toolchain/bin/../lib/gcc/avr/5.4.0/../../../../avr/lib/avr5\libm.a(fp_inf.o)
                              c:/program files (x86)/atmel/studio/7.0/toolchain/avr8/avr8-gnu-toolchain/bin/../lib/gcc/avr/5.4.0/../../../../avr/lib/avr5\libm.a(addsf3x.o) (__fp_inf)
c:/program files (x86)/atmel/studio/7.0/toolchain/avr8/avr8-gnu-toolchain/bin/../lib/gcc/avr/5.4.0/../../../../avr/lib/avr5\libm.a(fp_nan.o)
                              c:/program files (x86)/atmel/studio/7.0/toolchain/avr8/avr8-gnu-toolchain/bin/../lib/gcc/avr/5.4.0/../../../../avr/lib/avr5\libm.a(addsf3x.o) (__fp_nan)
c:/program files (x86)/atmel/studio/7.0/toolchain/avr8/avr8-gnu-toolchain/bin/../lib/gcc/avr/5.4.0/../../../../avr/lib/avr5\libm.a(fp_pscA.o)
                              c:/program files (x86)/atmel/studio/7.0/toolchain/avr8/avr8-gnu-toolchain/bin/../lib/gcc/avr/5.4.0/../../../../avr/lib/avr5\libm.a(addsf3x.o) (__fp_pscA)
c:/program files (x86)/atmel/studio/7.0/toolchain/avr8/avr8-gnu-toolchain/bin/../lib/gcc/avr/5.4.0/../../../../avr/lib/avr5\libm.a(fp_pscB.o)
                              c:/program files (x86)/atmel/studio/7.0/toolchain/avr8/avr8-gnu-toolchain/bin/../lib/gcc/avr/5.4.0/../../../../avr/lib/avr5\libm.a(addsf3x.o) (__fp_pscB)
c:/program files (x86)/atmel/studio/7.0/toolchain/avr8/avr8-gnu-toolchain/bin/../lib/gcc/avr/5.4.0/../../../../avr/lib/avr5\libm.a(fp_round.o)
                              c:/program files (x86)/atmel/studio/7.0/toolchain/avr8/avr8-gnu-toolchain/bin/../lib/gcc/avr/5.4.0/../../../../avr/lib/avr5\libm.a(addsf3.o) (__fp_round)
c:/program files (x86)/atmel/studio/7.0/toolchain/avr8/avr8-gnu-toolchain/bin/../lib/gcc/avr/5.4.0/../../../../avr/lib/avr5\libm.a(fp_split3.o)
                              c:/program files (x86)/atmel/studio/7.0/toolchain/avr8/avr8-gnu-toolchain/bin/../lib/gcc/avr/5.4.0/../../../../avr/lib/avr5\libm.a(addsf3x.o) (__fp_split3)
c:/program files (x86)/atmel/studio/7.0/toolchain/avr8/avr8-gnu-toolchain/bin/../lib/gcc/avr/5.4.0/../../../../avr/lib/avr5\libm.a(fp_zero.o)
                              c:/program files (x86)/atmel/studio/7.0/toolchain/avr8/avr8-gnu-toolchain/bin/../lib/gcc/avr/5.4.0/../../../../avr/lib/avr5\libm.a(addsf3x.o) (__fp_zero)
c:/program files (x86)/atmel/studio/7.0/toolchain/avr8/avr8-gnu-toolchain/bin/../lib/gcc/avr/5.4.0/../../../../avr/lib/avr5\libm.a(mulsf3.o)
                              MCAL/SWPwm Module/SWPwm.o (__mulsf3)
c:/program files (x86)/atmel/studio/7.0/toolchain/avr8/avr8-gnu-toolchain/bin/../lib/gcc/avr/5.4.0/../../../../avr/lib/avr5\libm.a(mulsf3x.o)
                              c:/program files (x86)/atmel/studio/7.0/toolchain/avr8/avr8-gnu-toolchain/bin/../lib/gcc/avr/5.4.0/../../../../avr/lib/avr5\libm.a(mulsf3.o) (__mulsf3x)
c:/program files (x86)/atmel/studio/7.0/toolchain/avr8/avr8-gnu-toolchain/bin/../lib/gcc/avr/5.4.0/avr5\libgcc.a(_udivmodsi4.o)
                              MCAL/Gpt Module/Gpt.o (__udivmodsi4)
c:/program files (x86)/atmel/studio/7.0/toolchain/avr8/avr8-gnu-toolchain/bin/../lib/gcc/avr/5.4.0/avr5\libgcc.a(_exit.o)
                              C:/Program Files (x86)/Atmel/Studio/7.0/Packs/atmel/ATmega_DFP/1.6.364/gcc/dev/atmega32/avr5/crtatmega32.o (exit)
c:/program files (x86)/atmel/studio/7.0/toolchain/avr8/avr8-gnu-toolchain/bin/../lib/gcc/avr/5.4.0/avr5\libgcc.a(_tablejump2.o)
                              MCAL/SWPwm Module/SWPwm.o (__tablejump2__)
c:/program files (x86)/atmel/studio/7.0/toolchain/avr8/avr8-gnu-toolchain/bin/../lib/gcc/avr/5.4.0/avr5\libgcc.a(_copy_data.o)
                              ECUAL/Button Module/Button.o (__do_copy_data)
c:/program files (x86)/atmel/studio/7.0/toolchain/avr8/avr8-gnu-toolchain/bin/../lib/gcc/avr/5.4.0/avr5\libgcc.a(_clear_bss.o)
                              ECUAL/Button Module/Button.o (__do_clear_bss)
c:/program files (x86)/atmel/studio/7.0/toolchain/avr8/avr8-gnu-toolchain/bin/../lib/gcc/avr/5.4.0/avr5\libgcc.a(_adddi3_s8.o)
                              MCAL/Delay Module/Delay.o (__adddi3_s8)
c:/program files (x86)/atmel/studio/7.0/toolchain/avr8/avr8-gnu-toolchain/bin/../lib/gcc/avr/5.4.0/avr5\libgcc.a(_cmpdi2.o)
                              MCAL/Delay Module/Delay.o (__cmpdi2)
c:/program files (x86)/atmel/studio/7.0/toolchain/avr8/avr8-gnu-toolchain/bin/../lib/gcc/avr/5.4.0/avr5\libgcc.a(_cmpdi2_s8.o)
                              MCAL/Delay Module/Delay.o (__cmpdi2_s8)

Discarded input sections

 .data          0x00000000        0x0 C:/Program Files (x86)/Atmel/Studio/7.0/Packs/atmel/ATmega_DFP/1.6.364/gcc/dev/atmega32/avr5/crtatmega32.o
 .bss           0x00000000        0x0 C:/Program Files (x86)/Atmel/Studio/7.0/Packs/atmel/ATmega_DFP/1.6.364/gcc/dev/atmega32/avr5/crtatmega32.o
 .text          0x00000000        0x0 ECUAL/Button Module/Button.o
 .data          0x00000000        0x0 ECUAL/Button Module/Button.o
 .bss           0x00000000        0x0 ECUAL/Button Module/Button.o
 .text.Button_init
                0x00000000       0x26 ECUAL/Button Module/Button.o
 .text.Button_getState
                0x00000000       0x24 ECUAL/Button Module/Button.o
 .text.Button_updateState
                0x00000000       0xe6 ECUAL/Button Module/Button.o
 .data.genu_BttnModuleState
                0x00000000        0x1 ECUAL/Button Module/Button.o
 .bss.gu8_ButtonsState
                0x00000000        0x4 ECUAL/Button Module/Button.o
 .debug_info    0x00000000      0x327 ECUAL/Button Module/Button.o
 .debug_abbrev  0x00000000      0x143 ECUAL/Button Module/Button.o
 .debug_loc     0x00000000      0x1bf ECUAL/Button Module/Button.o
 .debug_aranges
                0x00000000       0x30 ECUAL/Button Module/Button.o
 .debug_ranges  0x00000000       0x20 ECUAL/Button Module/Button.o
 .debug_line    0x00000000      0x1f9 ECUAL/Button Module/Button.o
 .debug_str     0x00000000      0x485 ECUAL/Button Module/Button.o
 .comment       0x00000000       0x31 ECUAL/Button Module/Button.o
 .debug_frame   0x00000000       0x60 ECUAL/Button Module/Button.o
 .text          0x00000000        0x0 ECUAL/Button Module/Button_Cfg.o
 .data          0x00000000        0x0 ECUAL/Button Module/Button_Cfg.o
 .bss           0x00000000        0x0 ECUAL/Button Module/Button_Cfg.o
 .bss.gau8_buttonsUsed
                0x00000000        0x4 ECUAL/Button Module/Button_Cfg.o
 .debug_info    0x00000000       0x98 ECUAL/Button Module/Button_Cfg.o
 .debug_abbrev  0x00000000       0x4b ECUAL/Button Module/Button_Cfg.o
 .debug_aranges
                0x00000000       0x18 ECUAL/Button Module/Button_Cfg.o
 .debug_line    0x00000000       0x85 ECUAL/Button Module/Button_Cfg.o
 .debug_str     0x00000000      0x1cd ECUAL/Button Module/Button_Cfg.o
 .comment       0x00000000       0x31 ECUAL/Button Module/Button_Cfg.o
 .text          0x00000000        0x0 ECUAL/Eeprom_I2C Module/Eeprom_24.o
 .data          0x00000000        0x0 ECUAL/Eeprom_I2C Module/Eeprom_24.o
 .bss           0x00000000        0x0 ECUAL/Eeprom_I2C Module/Eeprom_24.o
 .text.EEPROM_getAddresses
                0x00000000       0x1e ECUAL/Eeprom_I2C Module/Eeprom_24.o
 .text.Eeprom_24_init
                0x00000000       0x1e ECUAL/Eeprom_I2C Module/Eeprom_24.o
 .text.Eeprom_24_writeByte
                0x00000000       0x62 ECUAL/Eeprom_I2C Module/Eeprom_24.o
 .text.Eeprom_24_readByte
                0x00000000       0x6c ECUAL/Eeprom_I2C Module/Eeprom_24.o
 .text.Eeprom_24_writePage
                0x00000000       0x72 ECUAL/Eeprom_I2C Module/Eeprom_24.o
 .text.Eeprom_24_readPage
                0x00000000       0x72 ECUAL/Eeprom_I2C Module/Eeprom_24.o
 .text.Eeprom_24_writePacket
                0x00000000      0x158 ECUAL/Eeprom_I2C Module/Eeprom_24.o
 .text.Eeprom_24_readPacket
                0x00000000      0x158 ECUAL/Eeprom_I2C Module/Eeprom_24.o
 .data.genu_eepromModuleState
                0x00000000        0x1 ECUAL/Eeprom_I2C Module/Eeprom_24.o
 .debug_info    0x00000000      0x836 ECUAL/Eeprom_I2C Module/Eeprom_24.o
 .debug_abbrev  0x00000000      0x17f ECUAL/Eeprom_I2C Module/Eeprom_24.o
 .debug_loc     0x00000000      0xb2c ECUAL/Eeprom_I2C Module/Eeprom_24.o
 .debug_aranges
                0x00000000       0x58 ECUAL/Eeprom_I2C Module/Eeprom_24.o
 .debug_ranges  0x00000000       0xa8 ECUAL/Eeprom_I2C Module/Eeprom_24.o
 .debug_line    0x00000000      0x42b ECUAL/Eeprom_I2C Module/Eeprom_24.o
 .debug_str     0x00000000      0x5d0 ECUAL/Eeprom_I2C Module/Eeprom_24.o
 .comment       0x00000000       0x31 ECUAL/Eeprom_I2C Module/Eeprom_24.o
 .debug_frame   0x00000000      0x1a4 ECUAL/Eeprom_I2C Module/Eeprom_24.o
 .text          0x00000000        0x0 ECUAL/Keypad Module/Keypad.o
 .data          0x00000000        0x0 ECUAL/Keypad Module/Keypad.o
 .bss           0x00000000        0x0 ECUAL/Keypad Module/Keypad.o
 .text          0x00000000        0x0 ECUAL/Keypad Module/Keypad_Cfg.o
 .data          0x00000000        0x0 ECUAL/Keypad Module/Keypad_Cfg.o
 .bss           0x00000000        0x0 ECUAL/Keypad Module/Keypad_Cfg.o
 .text          0x00000000        0x0 ECUAL/Lcd Module/Lcd.o
 .data          0x00000000        0x0 ECUAL/Lcd Module/Lcd.o
 .bss           0x00000000        0x0 ECUAL/Lcd Module/Lcd.o
 .text          0x00000000        0x0 ECUAL/Led Module/Led.o
 .data          0x00000000        0x0 ECUAL/Led Module/Led.o
 .bss           0x00000000        0x0 ECUAL/Led Module/Led.o
 .text.Led_init
                0x00000000       0x26 ECUAL/Led Module/Led.o
 .text.Led_On   0x00000000       0x24 ECUAL/Led Module/Led.o
 .text.Led_Off  0x00000000       0x24 ECUAL/Led Module/Led.o
 .text.Led_Refresh
                0x00000000       0x5a ECUAL/Led Module/Led.o
 .data.genu_LedModuleState
                0x00000000        0x1 ECUAL/Led Module/Led.o
 .debug_info    0x00000000      0x335 ECUAL/Led Module/Led.o
 .debug_abbrev  0x00000000      0x12b ECUAL/Led Module/Led.o
 .debug_loc     0x00000000      0x1b4 ECUAL/Led Module/Led.o
 .debug_aranges
                0x00000000       0x38 ECUAL/Led Module/Led.o
 .debug_ranges  0x00000000       0x28 ECUAL/Led Module/Led.o
 .debug_line    0x00000000      0x1c3 ECUAL/Led Module/Led.o
 .debug_str     0x00000000      0x43e ECUAL/Led Module/Led.o
 .comment       0x00000000       0x31 ECUAL/Led Module/Led.o
 .debug_frame   0x00000000       0x70 ECUAL/Led Module/Led.o
 .text          0x00000000        0x0 ECUAL/Led Module/Led_Cfg.o
 .data          0x00000000        0x0 ECUAL/Led Module/Led_Cfg.o
 .bss           0x00000000        0x0 ECUAL/Led Module/Led_Cfg.o
 .bss.gau8_ledsUsed
                0x00000000        0x3 ECUAL/Led Module/Led_Cfg.o
 .debug_info    0x00000000       0x98 ECUAL/Led Module/Led_Cfg.o
 .debug_abbrev  0x00000000       0x4b ECUAL/Led Module/Led_Cfg.o
 .debug_aranges
                0x00000000       0x18 ECUAL/Led Module/Led_Cfg.o
 .debug_line    0x00000000       0x7c ECUAL/Led Module/Led_Cfg.o
 .debug_str     0x00000000      0x1c4 ECUAL/Led Module/Led_Cfg.o
 .comment       0x00000000       0x31 ECUAL/Led Module/Led_Cfg.o
 .text          0x00000000        0x0 ECUAL/Motor Module/Motor.o
 .data          0x00000000        0x0 ECUAL/Motor Module/Motor.o
 .bss           0x00000000        0x0 ECUAL/Motor Module/Motor.o
 .text.Motor_init
                0x00000000        0x4 ECUAL/Motor Module/Motor.o
 .text.Motor_run
                0x00000000       0xba ECUAL/Motor Module/Motor.o
 .text.Motor_stop
                0x00000000       0xde ECUAL/Motor Module/Motor.o
 .bss.gau8_MotorsState
                0x00000000        0x2 ECUAL/Motor Module/Motor.o
 .debug_info    0x00000000      0x2f3 ECUAL/Motor Module/Motor.o
 .debug_abbrev  0x00000000      0x132 ECUAL/Motor Module/Motor.o
 .debug_loc     0x00000000      0x21f ECUAL/Motor Module/Motor.o
 .debug_aranges
                0x00000000       0x30 ECUAL/Motor Module/Motor.o
 .debug_ranges  0x00000000       0x20 ECUAL/Motor Module/Motor.o
 .debug_line    0x00000000      0x1f9 ECUAL/Motor Module/Motor.o
 .debug_str     0x00000000      0x351 ECUAL/Motor Module/Motor.o
 .comment       0x00000000       0x31 ECUAL/Motor Module/Motor.o
 .debug_frame   0x00000000       0x74 ECUAL/Motor Module/Motor.o
 .text          0x00000000        0x0 ECUAL/Motor Module/Motor_Cfg.o
 .data          0x00000000        0x0 ECUAL/Motor Module/Motor_Cfg.o
 .bss           0x00000000        0x0 ECUAL/Motor Module/Motor_Cfg.o
 .rodata.str_MotorsConfig
                0x00000000        0xa ECUAL/Motor Module/Motor_Cfg.o
 .debug_info    0x00000000       0xf9 ECUAL/Motor Module/Motor_Cfg.o
 .debug_abbrev  0x00000000       0x6e ECUAL/Motor Module/Motor_Cfg.o
 .debug_aranges
                0x00000000       0x18 ECUAL/Motor Module/Motor_Cfg.o
 .debug_line    0x00000000       0x8d ECUAL/Motor Module/Motor_Cfg.o
 .debug_str     0x00000000      0x227 ECUAL/Motor Module/Motor_Cfg.o
 .comment       0x00000000       0x31 ECUAL/Motor Module/Motor_Cfg.o
 .text          0x00000000        0x0 ECUAL/Terminal Module/Terminal.o
 .data          0x00000000        0x0 ECUAL/Terminal Module/Terminal.o
 .bss           0x00000000        0x0 ECUAL/Terminal Module/Terminal.o
 .text.Terminal_In
                0x00000000       0x36 ECUAL/Terminal Module/Terminal.o
 .text          0x00000000        0x0 main.o
 .data          0x00000000        0x0 main.o
 .bss           0x00000000        0x0 main.o
 .text          0x00000000        0x0 MCAL/Delay Module/Delay.o
 .data          0x00000000        0x0 MCAL/Delay Module/Delay.o
 .bss           0x00000000        0x0 MCAL/Delay Module/Delay.o
 .text.Delay_us
                0x00000000        0x2 MCAL/Delay Module/Delay.o
 .text.Delay_s  0x00000000        0x2 MCAL/Delay Module/Delay.o
 .text          0x00000000        0x0 MCAL/Dio Module/Dio.o
 .data          0x00000000        0x0 MCAL/Dio Module/Dio.o
 .bss           0x00000000        0x0 MCAL/Dio Module/Dio.o
 .text.Dio_togglePin
                0x00000000       0xb0 MCAL/Dio Module/Dio.o
 .text          0x00000000        0x0 MCAL/Dio Module/Dio_Cfg.o
 .data          0x00000000        0x0 MCAL/Dio Module/Dio_Cfg.o
 .bss           0x00000000        0x0 MCAL/Dio Module/Dio_Cfg.o
 .text          0x00000000        0x0 MCAL/Gpt Module/Gpt.o
 .data          0x00000000        0x0 MCAL/Gpt Module/Gpt.o
 .bss           0x00000000        0x0 MCAL/Gpt Module/Gpt.o
 .text.GptInit  0x00000000       0x58 MCAL/Gpt Module/Gpt.o
 .text.GptStart_Sync
                0x00000000       0xc4 MCAL/Gpt Module/Gpt.o
 .text.GptStart_aSync
                0x00000000       0xbe MCAL/Gpt Module/Gpt.o
 .text.GptStop  0x00000000       0x5a MCAL/Gpt Module/Gpt.o
 .text          0x00000000        0x0 MCAL/Gpt Module/Gpt_Cfg.o
 .data          0x00000000        0x0 MCAL/Gpt Module/Gpt_Cfg.o
 .bss           0x00000000        0x0 MCAL/Gpt Module/Gpt_Cfg.o
 .text          0x00000000        0x0 MCAL/I2C Module/I2C.o
 .data          0x00000000        0x0 MCAL/I2C Module/I2C.o
 .bss           0x00000000        0x0 MCAL/I2C Module/I2C.o
 .text.I2C_MasterInit
                0x00000000       0x1c MCAL/I2C Module/I2C.o
 .text.I2C_MasterSendSTART
                0x00000000       0x26 MCAL/I2C Module/I2C.o
 .text.I2C_MasterSendSlaveAddress
                0x00000000       0x62 MCAL/I2C Module/I2C.o
 .text.I2C_MasterSendRepSTART
                0x00000000       0x26 MCAL/I2C Module/I2C.o
 .text.I2C_MasterSendSTOP
                0x00000000       0x1a MCAL/I2C Module/I2C.o
 .text.I2C_MasterSendByte
                0x00000000       0x2e MCAL/I2C Module/I2C.o
 .text.I2C_MasterReceiveByte_ACK
                0x00000000       0x34 MCAL/I2C Module/I2C.o
 .text.I2C_MasterReceiveByte_NACK
                0x00000000       0x34 MCAL/I2C Module/I2C.o
 .text.I2C_MasterSendPacket
                0x00000000       0x94 MCAL/I2C Module/I2C.o
 .text.I2C_MasterReceivePacket
                0x00000000       0x90 MCAL/I2C Module/I2C.o
 .text.I2C_MasterReceiveGeneral
                0x00000000       0xf8 MCAL/I2C Module/I2C.o
 .text.I2C_MasterSendToLocation
                0x00000000       0x9e MCAL/I2C Module/I2C.o
 .text.I2C_MasterReceiveFromLocation
                0x00000000       0x2e MCAL/I2C Module/I2C.o
 .data.genuI2C_Status
                0x00000000        0x1 MCAL/I2C Module/I2C.o
 .debug_info    0x00000000      0x5e0 MCAL/I2C Module/I2C.o
 .debug_abbrev  0x00000000      0x137 MCAL/I2C Module/I2C.o
 .debug_loc     0x00000000      0xa6e MCAL/I2C Module/I2C.o
 .debug_aranges
                0x00000000       0x80 MCAL/I2C Module/I2C.o
 .debug_ranges  0x00000000       0x70 MCAL/I2C Module/I2C.o
 .debug_line    0x00000000      0x515 MCAL/I2C Module/I2C.o
 .debug_str     0x00000000      0x4d8 MCAL/I2C Module/I2C.o
 .comment       0x00000000       0x31 MCAL/I2C Module/I2C.o
 .debug_frame   0x00000000      0x1c4 MCAL/I2C Module/I2C.o
 .text          0x00000000        0x0 MCAL/Spi Module/Spi.o
 .data          0x00000000        0x0 MCAL/Spi Module/Spi.o
 .bss           0x00000000        0x0 MCAL/Spi Module/Spi.o
 .text.Spi_init
                0x00000000       0x3a MCAL/Spi Module/Spi.o
 .text.Spi_SlaveSendByte
                0x00000000       0x2a MCAL/Spi Module/Spi.o
 .text.Spi_SlaveReceiveByte
                0x00000000       0x22 MCAL/Spi Module/Spi.o
 .text.Spi_EnableNotification
                0x00000000       0x2a MCAL/Spi Module/Spi.o
 .text.Spi_DisableNotification
                0x00000000       0x16 MCAL/Spi Module/Spi.o
 .text.Spi_DataRegister
                0x00000000        0x4 MCAL/Spi Module/Spi.o
 .data.genuSpi_Status
                0x00000000        0x1 MCAL/Spi Module/Spi.o
 .text          0x00000000        0x0 MCAL/SWPwm Module/SWPwm.o
 .data          0x00000000        0x0 MCAL/SWPwm Module/SWPwm.o
 .bss           0x00000000        0x0 MCAL/SWPwm Module/SWPwm.o
 .text.waveFunction
                0x00000000      0x104 MCAL/SWPwm Module/SWPwm.o
 .text.SWPwm_Init
                0x00000000        0x4 MCAL/SWPwm Module/SWPwm.o
 .text.SWPwm_Start
                0x00000000      0x1f4 MCAL/SWPwm Module/SWPwm.o
 .progmem.gcc_sw_table.SWPwm_Start
                0x00000000        0xe MCAL/SWPwm Module/SWPwm.o
 .text.SWPwm_Stop
                0x00000000       0x7c MCAL/SWPwm Module/SWPwm.o
 .bss.gu8_currentPwmChannel
                0x00000000        0x1 MCAL/SWPwm Module/SWPwm.o
 .bss.gstr_ChannelsData
                0x00000000        0xe MCAL/SWPwm Module/SWPwm.o
 .debug_info    0x00000000      0x4a9 MCAL/SWPwm Module/SWPwm.o
 .debug_abbrev  0x00000000      0x168 MCAL/SWPwm Module/SWPwm.o
 .debug_loc     0x00000000      0x4d5 MCAL/SWPwm Module/SWPwm.o
 .debug_aranges
                0x00000000       0x38 MCAL/SWPwm Module/SWPwm.o
 .debug_ranges  0x00000000       0x28 MCAL/SWPwm Module/SWPwm.o
 .debug_line    0x00000000      0x245 MCAL/SWPwm Module/SWPwm.o
 .debug_str     0x00000000      0x627 MCAL/SWPwm Module/SWPwm.o
 .comment       0x00000000       0x31 MCAL/SWPwm Module/SWPwm.o
 .debug_frame   0x00000000       0xc0 MCAL/SWPwm Module/SWPwm.o
 .text          0x00000000        0x0 MCAL/SWPwm Module/SWPwm_Cfg.o
 .data          0x00000000        0x0 MCAL/SWPwm Module/SWPwm_Cfg.o
 .bss           0x00000000        0x0 MCAL/SWPwm Module/SWPwm_Cfg.o
 .rodata.SWPwm_Channels
                0x00000000        0x2 MCAL/SWPwm Module/SWPwm_Cfg.o
 .debug_info    0x00000000       0xd2 MCAL/SWPwm Module/SWPwm_Cfg.o
 .debug_abbrev  0x00000000       0x6e MCAL/SWPwm Module/SWPwm_Cfg.o
 .debug_aranges
                0x00000000       0x18 MCAL/SWPwm Module/SWPwm_Cfg.o
 .debug_line    0x00000000       0x75 MCAL/SWPwm Module/SWPwm_Cfg.o
 .debug_str     0x00000000      0x201 MCAL/SWPwm Module/SWPwm_Cfg.o
 .comment       0x00000000       0x31 MCAL/SWPwm Module/SWPwm_Cfg.o
 .text          0x00000000        0x0 MCAL/Uart Module/Uart.o
 .data          0x00000000        0x0 MCAL/Uart Module/Uart.o
 .bss           0x00000000        0x0 MCAL/Uart Module/Uart.o
 .text.Uart_receiveByte
                0x00000000       0x1a MCAL/Uart Module/Uart.o
 .text.Uart_receivePacket
                0x00000000       0x4c MCAL/Uart Module/Uart.o
 .text.Uart_EnableNotification_TXC
                0x00000000       0x2a MCAL/Uart Module/Uart.o
 .text.Uart_EnableNotification_UDRE
                0x00000000       0x2a MCAL/Uart Module/Uart.o
 .text.Uart_DisableNotification
                0x00000000       0x18 MCAL/Uart Module/Uart.o
 .text          0x00000000        0x0 StringManipulation.o
 .data          0x00000000        0x0 StringManipulation.o
 .bss           0x00000000        0x0 StringManipulation.o
 .text.stringCompare
                0x00000000       0x5e StringManipulation.o
 .text.Max_String_Num
                0x00000000       0x62 StringManipulation.o
 .text.EmptyString
                0x00000000       0x18 StringManipulation.o
 .text.stringCopy
                0x00000000       0x22 StringManipulation.o
 .text          0x00000000        0x0 c:/program files (x86)/atmel/studio/7.0/toolchain/avr8/avr8-gnu-toolchain/bin/../lib/gcc/avr/5.4.0/../../../../avr/lib/avr5\libm.a(addsf3.o)
 .data          0x00000000        0x0 c:/program files (x86)/atmel/studio/7.0/toolchain/avr8/avr8-gnu-toolchain/bin/../lib/gcc/avr/5.4.0/../../../../avr/lib/avr5\libm.a(addsf3.o)
 .bss           0x00000000        0x0 c:/program files (x86)/atmel/studio/7.0/toolchain/avr8/avr8-gnu-toolchain/bin/../lib/gcc/avr/5.4.0/../../../../avr/lib/avr5\libm.a(addsf3.o)
 .text.avr-libc.fplib
                0x00000000        0xe c:/program files (x86)/atmel/studio/7.0/toolchain/avr8/avr8-gnu-toolchain/bin/../lib/gcc/avr/5.4.0/../../../../avr/lib/avr5\libm.a(addsf3.o)
 .text          0x00000000        0x0 c:/program files (x86)/atmel/studio/7.0/toolchain/avr8/avr8-gnu-toolchain/bin/../lib/gcc/avr/5.4.0/../../../../avr/lib/avr5\libm.a(addsf3x.o)
 .data          0x00000000        0x0 c:/program files (x86)/atmel/studio/7.0/toolchain/avr8/avr8-gnu-toolchain/bin/../lib/gcc/avr/5.4.0/../../../../avr/lib/avr5\libm.a(addsf3x.o)
 .bss           0x00000000        0x0 c:/program files (x86)/atmel/studio/7.0/toolchain/avr8/avr8-gnu-toolchain/bin/../lib/gcc/avr/5.4.0/../../../../avr/lib/avr5\libm.a(addsf3x.o)
 .text.avr-libc.fplib
                0x00000000       0xcc c:/program files (x86)/atmel/studio/7.0/toolchain/avr8/avr8-gnu-toolchain/bin/../lib/gcc/avr/5.4.0/../../../../avr/lib/avr5\libm.a(addsf3x.o)
 .text          0x00000000        0x0 c:/program files (x86)/atmel/studio/7.0/toolchain/avr8/avr8-gnu-toolchain/bin/../lib/gcc/avr/5.4.0/../../../../avr/lib/avr5\libm.a(divsf3.o)
 .data          0x00000000        0x0 c:/program files (x86)/atmel/studio/7.0/toolchain/avr8/avr8-gnu-toolchain/bin/../lib/gcc/avr/5.4.0/../../../../avr/lib/avr5\libm.a(divsf3.o)
 .bss           0x00000000        0x0 c:/program files (x86)/atmel/studio/7.0/toolchain/avr8/avr8-gnu-toolchain/bin/../lib/gcc/avr/5.4.0/../../../../avr/lib/avr5\libm.a(divsf3.o)
 .text.avr-libc.fplib
                0x00000000        0x8 c:/program files (x86)/atmel/studio/7.0/toolchain/avr8/avr8-gnu-toolchain/bin/../lib/gcc/avr/5.4.0/../../../../avr/lib/avr5\libm.a(divsf3.o)
 .text          0x00000000        0x0 c:/program files (x86)/atmel/studio/7.0/toolchain/avr8/avr8-gnu-toolchain/bin/../lib/gcc/avr/5.4.0/../../../../avr/lib/avr5\libm.a(divsf3x.o)
 .data          0x00000000        0x0 c:/program files (x86)/atmel/studio/7.0/toolchain/avr8/avr8-gnu-toolchain/bin/../lib/gcc/avr/5.4.0/../../../../avr/lib/avr5\libm.a(divsf3x.o)
 .bss           0x00000000        0x0 c:/program files (x86)/atmel/studio/7.0/toolchain/avr8/avr8-gnu-toolchain/bin/../lib/gcc/avr/5.4.0/../../../../avr/lib/avr5\libm.a(divsf3x.o)
 .text.avr-libc.fplib
                0x00000000       0xdc c:/program files (x86)/atmel/studio/7.0/toolchain/avr8/avr8-gnu-toolchain/bin/../lib/gcc/avr/5.4.0/../../../../avr/lib/avr5\libm.a(divsf3x.o)
 .text          0x00000000        0x0 c:/program files (x86)/atmel/studio/7.0/toolchain/avr8/avr8-gnu-toolchain/bin/../lib/gcc/avr/5.4.0/../../../../avr/lib/avr5\libm.a(fixunssfsi.o)
 .data          0x00000000        0x0 c:/program files (x86)/atmel/studio/7.0/toolchain/avr8/avr8-gnu-toolchain/bin/../lib/gcc/avr/5.4.0/../../../../avr/lib/avr5\libm.a(fixunssfsi.o)
 .bss           0x00000000        0x0 c:/program files (x86)/atmel/studio/7.0/toolchain/avr8/avr8-gnu-toolchain/bin/../lib/gcc/avr/5.4.0/../../../../avr/lib/avr5\libm.a(fixunssfsi.o)
 .text.avr-libc.fplib
                0x00000000       0x5e c:/program files (x86)/atmel/studio/7.0/toolchain/avr8/avr8-gnu-toolchain/bin/../lib/gcc/avr/5.4.0/../../../../avr/lib/avr5\libm.a(fixunssfsi.o)
 .text          0x00000000        0x0 c:/program files (x86)/atmel/studio/7.0/toolchain/avr8/avr8-gnu-toolchain/bin/../lib/gcc/avr/5.4.0/../../../../avr/lib/avr5\libm.a(floatsisf.o)
 .data          0x00000000        0x0 c:/program files (x86)/atmel/studio/7.0/toolchain/avr8/avr8-gnu-toolchain/bin/../lib/gcc/avr/5.4.0/../../../../avr/lib/avr5\libm.a(floatsisf.o)
 .bss           0x00000000        0x0 c:/program files (x86)/atmel/studio/7.0/toolchain/avr8/avr8-gnu-toolchain/bin/../lib/gcc/avr/5.4.0/../../../../avr/lib/avr5\libm.a(floatsisf.o)
 .text.avr-libc.fplib
                0x00000000       0x7a c:/program files (x86)/atmel/studio/7.0/toolchain/avr8/avr8-gnu-toolchain/bin/../lib/gcc/avr/5.4.0/../../../../avr/lib/avr5\libm.a(floatsisf.o)
 .text          0x00000000        0x0 c:/program files (x86)/atmel/studio/7.0/toolchain/avr8/avr8-gnu-toolchain/bin/../lib/gcc/avr/5.4.0/../../../../avr/lib/avr5\libm.a(fp_inf.o)
 .data          0x00000000        0x0 c:/program files (x86)/atmel/studio/7.0/toolchain/avr8/avr8-gnu-toolchain/bin/../lib/gcc/avr/5.4.0/../../../../avr/lib/avr5\libm.a(fp_inf.o)
 .bss           0x00000000        0x0 c:/program files (x86)/atmel/studio/7.0/toolchain/avr8/avr8-gnu-toolchain/bin/../lib/gcc/avr/5.4.0/../../../../avr/lib/avr5\libm.a(fp_inf.o)
 .text.avr-libc.fplib
                0x00000000        0xc c:/program files (x86)/atmel/studio/7.0/toolchain/avr8/avr8-gnu-toolchain/bin/../lib/gcc/avr/5.4.0/../../../../avr/lib/avr5\libm.a(fp_inf.o)
 .text          0x00000000        0x0 c:/program files (x86)/atmel/studio/7.0/toolchain/avr8/avr8-gnu-toolchain/bin/../lib/gcc/avr/5.4.0/../../../../avr/lib/avr5\libm.a(fp_nan.o)
 .data          0x00000000        0x0 c:/program files (x86)/atmel/studio/7.0/toolchain/avr8/avr8-gnu-toolchain/bin/../lib/gcc/avr/5.4.0/../../../../avr/lib/avr5\libm.a(fp_nan.o)
 .bss           0x00000000        0x0 c:/program files (x86)/atmel/studio/7.0/toolchain/avr8/avr8-gnu-toolchain/bin/../lib/gcc/avr/5.4.0/../../../../avr/lib/avr5\libm.a(fp_nan.o)
 .text.avr-libc.fplib
                0x00000000        0x6 c:/program files (x86)/atmel/studio/7.0/toolchain/avr8/avr8-gnu-toolchain/bin/../lib/gcc/avr/5.4.0/../../../../avr/lib/avr5\libm.a(fp_nan.o)
 .text          0x00000000        0x0 c:/program files (x86)/atmel/studio/7.0/toolchain/avr8/avr8-gnu-toolchain/bin/../lib/gcc/avr/5.4.0/../../../../avr/lib/avr5\libm.a(fp_pscA.o)
 .data          0x00000000        0x0 c:/program files (x86)/atmel/studio/7.0/toolchain/avr8/avr8-gnu-toolchain/bin/../lib/gcc/avr/5.4.0/../../../../avr/lib/avr5\libm.a(fp_pscA.o)
 .bss           0x00000000        0x0 c:/program files (x86)/atmel/studio/7.0/toolchain/avr8/avr8-gnu-toolchain/bin/../lib/gcc/avr/5.4.0/../../../../avr/lib/avr5\libm.a(fp_pscA.o)
 .text.avr-libc.fplib
                0x00000000        0xe c:/program files (x86)/atmel/studio/7.0/toolchain/avr8/avr8-gnu-toolchain/bin/../lib/gcc/avr/5.4.0/../../../../avr/lib/avr5\libm.a(fp_pscA.o)
 .text          0x00000000        0x0 c:/program files (x86)/atmel/studio/7.0/toolchain/avr8/avr8-gnu-toolchain/bin/../lib/gcc/avr/5.4.0/../../../../avr/lib/avr5\libm.a(fp_pscB.o)
 .data          0x00000000        0x0 c:/program files (x86)/atmel/studio/7.0/toolchain/avr8/avr8-gnu-toolchain/bin/../lib/gcc/avr/5.4.0/../../../../avr/lib/avr5\libm.a(fp_pscB.o)
 .bss           0x00000000        0x0 c:/program files (x86)/atmel/studio/7.0/toolchain/avr8/avr8-gnu-toolchain/bin/../lib/gcc/avr/5.4.0/../../../../avr/lib/avr5\libm.a(fp_pscB.o)
 .text.avr-libc.fplib
                0x00000000        0xe c:/program files (x86)/atmel/studio/7.0/toolchain/avr8/avr8-gnu-toolchain/bin/../lib/gcc/avr/5.4.0/../../../../avr/lib/avr5\libm.a(fp_pscB.o)
 .text          0x00000000        0x0 c:/program files (x86)/atmel/studio/7.0/toolchain/avr8/avr8-gnu-toolchain/bin/../lib/gcc/avr/5.4.0/../../../../avr/lib/avr5\libm.a(fp_round.o)
 .data          0x00000000        0x0 c:/program files (x86)/atmel/studio/7.0/toolchain/avr8/avr8-gnu-toolchain/bin/../lib/gcc/avr/5.4.0/../../../../avr/lib/avr5\libm.a(fp_round.o)
 .bss           0x00000000        0x0 c:/program files (x86)/atmel/studio/7.0/toolchain/avr8/avr8-gnu-toolchain/bin/../lib/gcc/avr/5.4.0/../../../../avr/lib/avr5\libm.a(fp_round.o)
 .text.avr-libc.fplib
                0x00000000       0x22 c:/program files (x86)/atmel/studio/7.0/toolchain/avr8/avr8-gnu-toolchain/bin/../lib/gcc/avr/5.4.0/../../../../avr/lib/avr5\libm.a(fp_round.o)
 .text          0x00000000        0x0 c:/program files (x86)/atmel/studio/7.0/toolchain/avr8/avr8-gnu-toolchain/bin/../lib/gcc/avr/5.4.0/../../../../avr/lib/avr5\libm.a(fp_split3.o)
 .data          0x00000000        0x0 c:/program files (x86)/atmel/studio/7.0/toolchain/avr8/avr8-gnu-toolchain/bin/../lib/gcc/avr/5.4.0/../../../../avr/lib/avr5\libm.a(fp_split3.o)
 .bss           0x00000000        0x0 c:/program files (x86)/atmel/studio/7.0/toolchain/avr8/avr8-gnu-toolchain/bin/../lib/gcc/avr/5.4.0/../../../../avr/lib/avr5\libm.a(fp_split3.o)
 .text.avr-libc.fplib
                0x00000000       0x44 c:/program files (x86)/atmel/studio/7.0/toolchain/avr8/avr8-gnu-toolchain/bin/../lib/gcc/avr/5.4.0/../../../../avr/lib/avr5\libm.a(fp_split3.o)
 .text          0x00000000        0x0 c:/program files (x86)/atmel/studio/7.0/toolchain/avr8/avr8-gnu-toolchain/bin/../lib/gcc/avr/5.4.0/../../../../avr/lib/avr5\libm.a(fp_zero.o)
 .data          0x00000000        0x0 c:/program files (x86)/atmel/studio/7.0/toolchain/avr8/avr8-gnu-toolchain/bin/../lib/gcc/avr/5.4.0/../../../../avr/lib/avr5\libm.a(fp_zero.o)
 .bss           0x00000000        0x0 c:/program files (x86)/atmel/studio/7.0/toolchain/avr8/avr8-gnu-toolchain/bin/../lib/gcc/avr/5.4.0/../../../../avr/lib/avr5\libm.a(fp_zero.o)
 .text.avr-libc.fplib
                0x00000000        0xe c:/program files (x86)/atmel/studio/7.0/toolchain/avr8/avr8-gnu-toolchain/bin/../lib/gcc/avr/5.4.0/../../../../avr/lib/avr5\libm.a(fp_zero.o)
 .text          0x00000000        0x0 c:/program files (x86)/atmel/studio/7.0/toolchain/avr8/avr8-gnu-toolchain/bin/../lib/gcc/avr/5.4.0/../../../../avr/lib/avr5\libm.a(mulsf3.o)
 .data          0x00000000        0x0 c:/program files (x86)/atmel/studio/7.0/toolchain/avr8/avr8-gnu-toolchain/bin/../lib/gcc/avr/5.4.0/../../../../avr/lib/avr5\libm.a(mulsf3.o)
 .bss           0x00000000        0x0 c:/program files (x86)/atmel/studio/7.0/toolchain/avr8/avr8-gnu-toolchain/bin/../lib/gcc/avr/5.4.0/../../../../avr/lib/avr5\libm.a(mulsf3.o)
 .text.avr-libc.fplib
                0x00000000        0x8 c:/program files (x86)/atmel/studio/7.0/toolchain/avr8/avr8-gnu-toolchain/bin/../lib/gcc/avr/5.4.0/../../../../avr/lib/avr5\libm.a(mulsf3.o)
 .text          0x00000000        0x0 c:/program files (x86)/atmel/studio/7.0/toolchain/avr8/avr8-gnu-toolchain/bin/../lib/gcc/avr/5.4.0/../../../../avr/lib/avr5\libm.a(mulsf3x.o)
 .data          0x00000000        0x0 c:/program files (x86)/atmel/studio/7.0/toolchain/avr8/avr8-gnu-toolchain/bin/../lib/gcc/avr/5.4.0/../../../../avr/lib/avr5\libm.a(mulsf3x.o)
 .bss           0x00000000        0x0 c:/program files (x86)/atmel/studio/7.0/toolchain/avr8/avr8-gnu-toolchain/bin/../lib/gcc/avr/5.4.0/../../../../avr/lib/avr5\libm.a(mulsf3x.o)
 .text.avr-libc.fplib
                0x00000000       0xd2 c:/program files (x86)/atmel/studio/7.0/toolchain/avr8/avr8-gnu-toolchain/bin/../lib/gcc/avr/5.4.0/../../../../avr/lib/avr5\libm.a(mulsf3x.o)
 .text          0x00000000        0x0 c:/program files (x86)/atmel/studio/7.0/toolchain/avr8/avr8-gnu-toolchain/bin/../lib/gcc/avr/5.4.0/avr5\libgcc.a(_udivmodsi4.o)
 .data          0x00000000        0x0 c:/program files (x86)/atmel/studio/7.0/toolchain/avr8/avr8-gnu-toolchain/bin/../lib/gcc/avr/5.4.0/avr5\libgcc.a(_udivmodsi4.o)
 .bss           0x00000000        0x0 c:/program files (x86)/atmel/studio/7.0/toolchain/avr8/avr8-gnu-toolchain/bin/../lib/gcc/avr/5.4.0/avr5\libgcc.a(_udivmodsi4.o)
 .text.libgcc.mul
                0x00000000        0x0 c:/program files (x86)/atmel/studio/7.0/toolchain/avr8/avr8-gnu-toolchain/bin/../lib/gcc/avr/5.4.0/avr5\libgcc.a(_udivmodsi4.o)
 .text.libgcc.div
                0x00000000       0x44 c:/program files (x86)/atmel/studio/7.0/toolchain/avr8/avr8-gnu-toolchain/bin/../lib/gcc/avr/5.4.0/avr5\libgcc.a(_udivmodsi4.o)
 .text.libgcc   0x00000000        0x0 c:/program files (x86)/atmel/studio/7.0/toolchain/avr8/avr8-gnu-toolchain/bin/../lib/gcc/avr/5.4.0/avr5\libgcc.a(_udivmodsi4.o)
 .text.libgcc.prologue
                0x00000000        0x0 c:/program files (x86)/atmel/studio/7.0/toolchain/avr8/avr8-gnu-toolchain/bin/../lib/gcc/avr/5.4.0/avr5\libgcc.a(_udivmodsi4.o)
 .text.libgcc.builtins
                0x00000000        0x0 c:/program files (x86)/atmel/studio/7.0/toolchain/avr8/avr8-gnu-toolchain/bin/../lib/gcc/avr/5.4.0/avr5\libgcc.a(_udivmodsi4.o)
 .text.libgcc.fmul
                0x00000000        0x0 c:/program files (x86)/atmel/studio/7.0/toolchain/avr8/avr8-gnu-toolchain/bin/../lib/gcc/avr/5.4.0/avr5\libgcc.a(_udivmodsi4.o)
 .text.libgcc.fixed
                0x00000000        0x0 c:/program files (x86)/atmel/studio/7.0/toolchain/avr8/avr8-gnu-toolchain/bin/../lib/gcc/avr/5.4.0/avr5\libgcc.a(_udivmodsi4.o)
 .text          0x00000000        0x0 c:/program files (x86)/atmel/studio/7.0/toolchain/avr8/avr8-gnu-toolchain/bin/../lib/gcc/avr/5.4.0/avr5\libgcc.a(_exit.o)
 .data          0x00000000        0x0 c:/program files (x86)/atmel/studio/7.0/toolchain/avr8/avr8-gnu-toolchain/bin/../lib/gcc/avr/5.4.0/avr5\libgcc.a(_exit.o)
 .bss           0x00000000        0x0 c:/program files (x86)/atmel/studio/7.0/toolchain/avr8/avr8-gnu-toolchain/bin/../lib/gcc/avr/5.4.0/avr5\libgcc.a(_exit.o)
 .text.libgcc.mul
                0x00000000        0x0 c:/program files (x86)/atmel/studio/7.0/toolchain/avr8/avr8-gnu-toolchain/bin/../lib/gcc/avr/5.4.0/avr5\libgcc.a(_exit.o)
 .text.libgcc.div
                0x00000000        0x0 c:/program files (x86)/atmel/studio/7.0/toolchain/avr8/avr8-gnu-toolchain/bin/../lib/gcc/avr/5.4.0/avr5\libgcc.a(_exit.o)
 .text.libgcc   0x00000000        0x0 c:/program files (x86)/atmel/studio/7.0/toolchain/avr8/avr8-gnu-toolchain/bin/../lib/gcc/avr/5.4.0/avr5\libgcc.a(_exit.o)
 .text.libgcc.prologue
                0x00000000        0x0 c:/program files (x86)/atmel/studio/7.0/toolchain/avr8/avr8-gnu-toolchain/bin/../lib/gcc/avr/5.4.0/avr5\libgcc.a(_exit.o)
 .text.libgcc.builtins
                0x00000000        0x0 c:/program files (x86)/atmel/studio/7.0/toolchain/avr8/avr8-gnu-toolchain/bin/../lib/gcc/avr/5.4.0/avr5\libgcc.a(_exit.o)
 .text.libgcc.fmul
                0x00000000        0x0 c:/program files (x86)/atmel/studio/7.0/toolchain/avr8/avr8-gnu-toolchain/bin/../lib/gcc/avr/5.4.0/avr5\libgcc.a(_exit.o)
 .text.libgcc.fixed
                0x00000000        0x0 c:/program files (x86)/atmel/studio/7.0/toolchain/avr8/avr8-gnu-toolchain/bin/../lib/gcc/avr/5.4.0/avr5\libgcc.a(_exit.o)
 .text          0x00000000        0x0 c:/program files (x86)/atmel/studio/7.0/toolchain/avr8/avr8-gnu-toolchain/bin/../lib/gcc/avr/5.4.0/avr5\libgcc.a(_tablejump2.o)
 .data          0x00000000        0x0 c:/program files (x86)/atmel/studio/7.0/toolchain/avr8/avr8-gnu-toolchain/bin/../lib/gcc/avr/5.4.0/avr5\libgcc.a(_tablejump2.o)
 .bss           0x00000000        0x0 c:/program files (x86)/atmel/studio/7.0/toolchain/avr8/avr8-gnu-toolchain/bin/../lib/gcc/avr/5.4.0/avr5\libgcc.a(_tablejump2.o)
 .text.libgcc.mul
                0x00000000        0x0 c:/program files (x86)/atmel/studio/7.0/toolchain/avr8/avr8-gnu-toolchain/bin/../lib/gcc/avr/5.4.0/avr5\libgcc.a(_tablejump2.o)
 .text.libgcc.div
                0x00000000        0x0 c:/program files (x86)/atmel/studio/7.0/toolchain/avr8/avr8-gnu-toolchain/bin/../lib/gcc/avr/5.4.0/avr5\libgcc.a(_tablejump2.o)
 .text.libgcc   0x00000000        0xc c:/program files (x86)/atmel/studio/7.0/toolchain/avr8/avr8-gnu-toolchain/bin/../lib/gcc/avr/5.4.0/avr5\libgcc.a(_tablejump2.o)
 .text.libgcc.prologue
                0x00000000        0x0 c:/program files (x86)/atmel/studio/7.0/toolchain/avr8/avr8-gnu-toolchain/bin/../lib/gcc/avr/5.4.0/avr5\libgcc.a(_tablejump2.o)
 .text.libgcc.builtins
                0x00000000        0x0 c:/program files (x86)/atmel/studio/7.0/toolchain/avr8/avr8-gnu-toolchain/bin/../lib/gcc/avr/5.4.0/avr5\libgcc.a(_tablejump2.o)
 .text.libgcc.fmul
                0x00000000        0x0 c:/program files (x86)/atmel/studio/7.0/toolchain/avr8/avr8-gnu-toolchain/bin/../lib/gcc/avr/5.4.0/avr5\libgcc.a(_tablejump2.o)
 .text.libgcc.fixed
                0x00000000        0x0 c:/program files (x86)/atmel/studio/7.0/toolchain/avr8/avr8-gnu-toolchain/bin/../lib/gcc/avr/5.4.0/avr5\libgcc.a(_tablejump2.o)
 .text          0x00000000        0x0 c:/program files (x86)/atmel/studio/7.0/toolchain/avr8/avr8-gnu-toolchain/bin/../lib/gcc/avr/5.4.0/avr5\libgcc.a(_copy_data.o)
 .data          0x00000000        0x0 c:/program files (x86)/atmel/studio/7.0/toolchain/avr8/avr8-gnu-toolchain/bin/../lib/gcc/avr/5.4.0/avr5\libgcc.a(_copy_data.o)
 .bss           0x00000000        0x0 c:/program files (x86)/atmel/studio/7.0/toolchain/avr8/avr8-gnu-toolchain/bin/../lib/gcc/avr/5.4.0/avr5\libgcc.a(_copy_data.o)
 .text.libgcc.mul
                0x00000000        0x0 c:/program files (x86)/atmel/studio/7.0/toolchain/avr8/avr8-gnu-toolchain/bin/../lib/gcc/avr/5.4.0/avr5\libgcc.a(_copy_data.o)
 .text.libgcc.div
                0x00000000        0x0 c:/program files (x86)/atmel/studio/7.0/toolchain/avr8/avr8-gnu-toolchain/bin/../lib/gcc/avr/5.4.0/avr5\libgcc.a(_copy_data.o)
 .text.libgcc   0x00000000        0x0 c:/program files (x86)/atmel/studio/7.0/toolchain/avr8/avr8-gnu-toolchain/bin/../lib/gcc/avr/5.4.0/avr5\libgcc.a(_copy_data.o)
 .text.libgcc.prologue
                0x00000000        0x0 c:/program files (x86)/atmel/studio/7.0/toolchain/avr8/avr8-gnu-toolchain/bin/../lib/gcc/avr/5.4.0/avr5\libgcc.a(_copy_data.o)
 .text.libgcc.builtins
                0x00000000        0x0 c:/program files (x86)/atmel/studio/7.0/toolchain/avr8/avr8-gnu-toolchain/bin/../lib/gcc/avr/5.4.0/avr5\libgcc.a(_copy_data.o)
 .text.libgcc.fmul
                0x00000000        0x0 c:/program files (x86)/atmel/studio/7.0/toolchain/avr8/avr8-gnu-toolchain/bin/../lib/gcc/avr/5.4.0/avr5\libgcc.a(_copy_data.o)
 .text.libgcc.fixed
                0x00000000        0x0 c:/program files (x86)/atmel/studio/7.0/toolchain/avr8/avr8-gnu-toolchain/bin/../lib/gcc/avr/5.4.0/avr5\libgcc.a(_copy_data.o)
 .text          0x00000000        0x0 c:/program files (x86)/atmel/studio/7.0/toolchain/avr8/avr8-gnu-toolchain/bin/../lib/gcc/avr/5.4.0/avr5\libgcc.a(_clear_bss.o)
 .data          0x00000000        0x0 c:/program files (x86)/atmel/studio/7.0/toolchain/avr8/avr8-gnu-toolchain/bin/../lib/gcc/avr/5.4.0/avr5\libgcc.a(_clear_bss.o)
 .bss           0x00000000        0x0 c:/program files (x86)/atmel/studio/7.0/toolchain/avr8/avr8-gnu-toolchain/bin/../lib/gcc/avr/5.4.0/avr5\libgcc.a(_clear_bss.o)
 .text.libgcc.mul
                0x00000000        0x0 c:/program files (x86)/atmel/studio/7.0/toolchain/avr8/avr8-gnu-toolchain/bin/../lib/gcc/avr/5.4.0/avr5\libgcc.a(_clear_bss.o)
 .text.libgcc.div
                0x00000000        0x0 c:/program files (x86)/atmel/studio/7.0/toolchain/avr8/avr8-gnu-toolchain/bin/../lib/gcc/avr/5.4.0/avr5\libgcc.a(_clear_bss.o)
 .text.libgcc   0x00000000        0x0 c:/program files (x86)/atmel/studio/7.0/toolchain/avr8/avr8-gnu-toolchain/bin/../lib/gcc/avr/5.4.0/avr5\libgcc.a(_clear_bss.o)
 .text.libgcc.prologue
                0x00000000        0x0 c:/program files (x86)/atmel/studio/7.0/toolchain/avr8/avr8-gnu-toolchain/bin/../lib/gcc/avr/5.4.0/avr5\libgcc.a(_clear_bss.o)
 .text.libgcc.builtins
                0x00000000        0x0 c:/program files (x86)/atmel/studio/7.0/toolchain/avr8/avr8-gnu-toolchain/bin/../lib/gcc/avr/5.4.0/avr5\libgcc.a(_clear_bss.o)
 .text.libgcc.fmul
                0x00000000        0x0 c:/program files (x86)/atmel/studio/7.0/toolchain/avr8/avr8-gnu-toolchain/bin/../lib/gcc/avr/5.4.0/avr5\libgcc.a(_clear_bss.o)
 .text.libgcc.fixed
                0x00000000        0x0 c:/program files (x86)/atmel/studio/7.0/toolchain/avr8/avr8-gnu-toolchain/bin/../lib/gcc/avr/5.4.0/avr5\libgcc.a(_clear_bss.o)
 .text          0x00000000        0x0 c:/program files (x86)/atmel/studio/7.0/toolchain/avr8/avr8-gnu-toolchain/bin/../lib/gcc/avr/5.4.0/avr5\libgcc.a(_adddi3_s8.o)
 .data          0x00000000        0x0 c:/program files (x86)/atmel/studio/7.0/toolchain/avr8/avr8-gnu-toolchain/bin/../lib/gcc/avr/5.4.0/avr5\libgcc.a(_adddi3_s8.o)
 .bss           0x00000000        0x0 c:/program files (x86)/atmel/studio/7.0/toolchain/avr8/avr8-gnu-toolchain/bin/../lib/gcc/avr/5.4.0/avr5\libgcc.a(_adddi3_s8.o)
 .text.libgcc.mul
                0x00000000        0x0 c:/program files (x86)/atmel/studio/7.0/toolchain/avr8/avr8-gnu-toolchain/bin/../lib/gcc/avr/5.4.0/avr5\libgcc.a(_adddi3_s8.o)
 .text.libgcc.div
                0x00000000        0x0 c:/program files (x86)/atmel/studio/7.0/toolchain/avr8/avr8-gnu-toolchain/bin/../lib/gcc/avr/5.4.0/avr5\libgcc.a(_adddi3_s8.o)
 .text.libgcc.prologue
                0x00000000        0x0 c:/program files (x86)/atmel/studio/7.0/toolchain/avr8/avr8-gnu-toolchain/bin/../lib/gcc/avr/5.4.0/avr5\libgcc.a(_adddi3_s8.o)
 .text.libgcc.builtins
                0x00000000        0x0 c:/program files (x86)/atmel/studio/7.0/toolchain/avr8/avr8-gnu-toolchain/bin/../lib/gcc/avr/5.4.0/avr5\libgcc.a(_adddi3_s8.o)
 .text.libgcc.fmul
                0x00000000        0x0 c:/program files (x86)/atmel/studio/7.0/toolchain/avr8/avr8-gnu-toolchain/bin/../lib/gcc/avr/5.4.0/avr5\libgcc.a(_adddi3_s8.o)
 .text.libgcc.fixed
                0x00000000        0x0 c:/program files (x86)/atmel/studio/7.0/toolchain/avr8/avr8-gnu-toolchain/bin/../lib/gcc/avr/5.4.0/avr5\libgcc.a(_adddi3_s8.o)
 .text          0x00000000        0x0 c:/program files (x86)/atmel/studio/7.0/toolchain/avr8/avr8-gnu-toolchain/bin/../lib/gcc/avr/5.4.0/avr5\libgcc.a(_cmpdi2.o)
 .data          0x00000000        0x0 c:/program files (x86)/atmel/studio/7.0/toolchain/avr8/avr8-gnu-toolchain/bin/../lib/gcc/avr/5.4.0/avr5\libgcc.a(_cmpdi2.o)
 .bss           0x00000000        0x0 c:/program files (x86)/atmel/studio/7.0/toolchain/avr8/avr8-gnu-toolchain/bin/../lib/gcc/avr/5.4.0/avr5\libgcc.a(_cmpdi2.o)
 .text.libgcc.mul
                0x00000000        0x0 c:/program files (x86)/atmel/studio/7.0/toolchain/avr8/avr8-gnu-toolchain/bin/../lib/gcc/avr/5.4.0/avr5\libgcc.a(_cmpdi2.o)
 .text.libgcc.div
                0x00000000        0x0 c:/program files (x86)/atmel/studio/7.0/toolchain/avr8/avr8-gnu-toolchain/bin/../lib/gcc/avr/5.4.0/avr5\libgcc.a(_cmpdi2.o)
 .text.libgcc.prologue
                0x00000000        0x0 c:/program files (x86)/atmel/studio/7.0/toolchain/avr8/avr8-gnu-toolchain/bin/../lib/gcc/avr/5.4.0/avr5\libgcc.a(_cmpdi2.o)
 .text.libgcc.builtins
                0x00000000        0x0 c:/program files (x86)/atmel/studio/7.0/toolchain/avr8/avr8-gnu-toolchain/bin/../lib/gcc/avr/5.4.0/avr5\libgcc.a(_cmpdi2.o)
 .text.libgcc.fmul
                0x00000000        0x0 c:/program files (x86)/atmel/studio/7.0/toolchain/avr8/avr8-gnu-toolchain/bin/../lib/gcc/avr/5.4.0/avr5\libgcc.a(_cmpdi2.o)
 .text.libgcc.fixed
                0x00000000        0x0 c:/program files (x86)/atmel/studio/7.0/toolchain/avr8/avr8-gnu-toolchain/bin/../lib/gcc/avr/5.4.0/avr5\libgcc.a(_cmpdi2.o)
 .text          0x00000000        0x0 c:/program files (x86)/atmel/studio/7.0/toolchain/avr8/avr8-gnu-toolchain/bin/../lib/gcc/avr/5.4.0/avr5\libgcc.a(_cmpdi2_s8.o)
 .data          0x00000000        0x0 c:/program files (x86)/atmel/studio/7.0/toolchain/avr8/avr8-gnu-toolchain/bin/../lib/gcc/avr/5.4.0/avr5\libgcc.a(_cmpdi2_s8.o)
 .bss           0x00000000        0x0 c:/program files (x86)/atmel/studio/7.0/toolchain/avr8/avr8-gnu-toolchain/bin/../lib/gcc/avr/5.4.0/avr5\libgcc.a(_cmpdi2_s8.o)
 .text.libgcc.mul
                0x00000000        0x0 c:/program files (x86)/atmel/studio/7.0/toolchain/avr8/avr8-gnu-toolchain/bin/../lib/gcc/avr/5.4.0/avr5\libgcc.a(_cmpdi2_s8.o)
 .text.libgcc.div
                0x00000000        0x0 c:/program files (x86)/atmel/studio/7.0/toolchain/avr8/avr8-gnu-toolchain/bin/../lib/gcc/avr/5.4.0/avr5\libgcc.a(_cmpdi2_s8.o)
 .text.libgcc.prologue
                0x00000000        0x0 c:/program files (x86)/atmel/studio/7.0/toolchain/avr8/avr8-gnu-toolchain/bin/../lib/gcc/avr/5.4.0/avr5\libgcc.a(_cmpdi2_s8.o)
 .text.libgcc.builtins
                0x00000000        0x0 c:/program files (x86)/atmel/studio/7.0/toolchain/avr8/avr8-gnu-toolchain/bin/../lib/gcc/avr/5.4.0/avr5\libgcc.a(_cmpdi2_s8.o)
 .text.libgcc.fmul
                0x00000000        0x0 c:/program files (x86)/atmel/studio/7.0/toolchain/avr8/avr8-gnu-toolchain/bin/../lib/gcc/avr/5.4.0/avr5\libgcc.a(_cmpdi2_s8.o)
 .text.libgcc.fixed
                0x00000000        0x0 c:/program files (x86)/atmel/studio/7.0/toolchain/avr8/avr8-gnu-toolchain/bin/../lib/gcc/avr/5.4.0/avr5\libgcc.a(_cmpdi2_s8.o)

Memory Configuration

Name             Origin             Length             Attributes
text             0x00000000         0x00008000         xr
data             0x00800060         0x00000800         rw !x
eeprom           0x00810000         0x00000400         rw !x
fuse             0x00820000         0x00000002         rw !x
lock             0x00830000         0x00000400         rw !x
signature        0x00840000         0x00000400         rw !x
user_signatures  0x00850000         0x00000400         rw !x
*default*        0x00000000         0xffffffff

Linker script and memory map

LOAD C:/Program Files (x86)/Atmel/Studio/7.0/Packs/atmel/ATmega_DFP/1.6.364/gcc/dev/atmega32/avr5/crtatmega32.o
LOAD ECUAL/Button Module/Button.o
LOAD ECUAL/Button Module/Button_Cfg.o
LOAD ECUAL/Eeprom_I2C Module/Eeprom_24.o
LOAD ECUAL/Keypad Module/Keypad.o
LOAD ECUAL/Keypad Module/Keypad_Cfg.o
LOAD ECUAL/Lcd Module/Lcd.o
LOAD ECUAL/Led Module/Led.o
LOAD ECUAL/Led Module/Led_Cfg.o
LOAD ECUAL/Motor Module/Motor.o
LOAD ECUAL/Motor Module/Motor_Cfg.o
LOAD ECUAL/Terminal Module/Terminal.o
LOAD main.o
LOAD MCAL/Delay Module/Delay.o
LOAD MCAL/Dio Module/Dio.o
LOAD MCAL/Dio Module/Dio_Cfg.o
LOAD MCAL/Gpt Module/Gpt.o
LOAD MCAL/Gpt Module/Gpt_Cfg.o
LOAD MCAL/I2C Module/I2C.o
LOAD MCAL/Spi Module/Spi.o
LOAD MCAL/SWPwm Module/SWPwm.o
LOAD MCAL/SWPwm Module/SWPwm_Cfg.o
LOAD MCAL/Uart Module/Uart.o
LOAD StringManipulation.o
START GROUP
LOAD c:/program files (x86)/atmel/studio/7.0/toolchain/avr8/avr8-gnu-toolchain/bin/../lib/gcc/avr/5.4.0/../../../../avr/lib/avr5\libm.a
END GROUP
START GROUP
LOAD c:/program files (x86)/atmel/studio/7.0/toolchain/avr8/avr8-gnu-toolchain/bin/../lib/gcc/avr/5.4.0/avr5\libgcc.a
LOAD c:/program files (x86)/atmel/studio/7.0/toolchain/avr8/avr8-gnu-toolchain/bin/../lib/gcc/avr/5.4.0/../../../../avr/lib/avr5\libm.a
LOAD c:/program files (x86)/atmel/studio/7.0/toolchain/avr8/avr8-gnu-toolchain/bin/../lib/gcc/avr/5.4.0/../../../../avr/lib/avr5\libc.a
LOAD C:/Program Files (x86)/Atmel/Studio/7.0/Packs/atmel/ATmega_DFP/1.6.364/gcc/dev/atmega32/avr5\libatmega32.a
END GROUP
                0x00000000                __TEXT_REGION_ORIGIN__ = DEFINED (__TEXT_REGION_ORIGIN__)?__TEXT_REGION_ORIGIN__:0x0
                [0x00800060]                __DATA_REGION_ORIGIN__ = DEFINED (__DATA_REGION_ORIGIN__)?__DATA_REGION_ORIGIN__:0x800060
                [0x00008000]                __TEXT_REGION_LENGTH__ = DEFINED (__TEXT_REGION_LENGTH__)?__TEXT_REGION_LENGTH__:0x20000
                [0x00000800]                __DATA_REGION_LENGTH__ = DEFINED (__DATA_REGION_LENGTH__)?__DATA_REGION_LENGTH__:0xffa0
                [0x00000400]                __EEPROM_REGION_LENGTH__ = DEFINED (__EEPROM_REGION_LENGTH__)?__EEPROM_REGION_LENGTH__:0x10000
                [0x00000002]                __FUSE_REGION_LENGTH__ = DEFINED (__FUSE_REGION_LENGTH__)?__FUSE_REGION_LENGTH__:0x400
                0x00000400                __LOCK_REGION_LENGTH__ = DEFINED (__LOCK_REGION_LENGTH__)?__LOCK_REGION_LENGTH__:0x400
                0x00000400                __SIGNATURE_REGION_LENGTH__ = DEFINED (__SIGNATURE_REGION_LENGTH__)?__SIGNATURE_REGION_LENGTH__:0x400
                0x00000400                __USER_SIGNATURE_REGION_LENGTH__ = DEFINED (__USER_SIGNATURE_REGION_LENGTH__)?__USER_SIGNATURE_REGION_LENGTH__:0x400

.hash
 *(.hash)

.dynsym
 *(.dynsym)

.dynstr
 *(.dynstr)

.gnu.version
 *(.gnu.version)

.gnu.version_d
 *(.gnu.version_d)

.gnu.version_r
 *(.gnu.version_r)

.rel.init
 *(.rel.init)

.rela.init
 *(.rela.init)

.rel.text
 *(.rel.text)
 *(.rel.text.*)
 *(.rel.gnu.linkonce.t*)

.rela.text
 *(.rela.text)
 *(.rela.text.*)
 *(.rela.gnu.linkonce.t*)

.rel.fini
 *(.rel.fini)

.rela.fini
 *(.rela.fini)

.rel.rodata
 *(.rel.rodata)
 *(.rel.rodata.*)
 *(.rel.gnu.linkonce.r*)

.rela.rodata
 *(.rela.rodata)
 *(.rela.rodata.*)
 *(.rela.gnu.linkonce.r*)

.rel.data
 *(.rel.data)
 *(.rel.data.*)
 *(.rel.gnu.linkonce.d*)

.rela.data
 *(.rela.data)
 *(.rela.data.*)
 *(.rela.gnu.linkonce.d*)

.rel.ctors
 *(.rel.ctors)

.rela.ctors
 *(.rela.ctors)

.rel.dtors
 *(.rel.dtors)

.rela.dtors
 *(.rela.dtors)

.rel.got
 *(.rel.got)

.rela.got
 *(.rela.got)

.rel.bss
 *(.rel.bss)

.rela.bss
 *(.rela.bss)

.rel.plt
 *(.rel.plt)

.rela.plt
 *(.rela.plt)

.text           0x00000000      0xefa
 *(.vectors)
 .vectors       0x00000000       0x54 C:/Program Files (x86)/Atmel/Studio/7.0/Packs/atmel/ATmega_DFP/1.6.364/gcc/dev/atmega32/avr5/crtatmega32.o
                0x00000000                __vector_default
                0x00000000                __vectors
 *(.vectors)
 *(.progmem.gcc*)
                0x00000054                . = ALIGN (0x2)
                0x00000054                __trampolines_start = .
 *(.trampolines)
 .trampolines   0x00000054        0x0 linker stubs
 *(.trampolines*)
                0x00000054                __trampolines_end = .
 *libprintf_flt.a:*(.progmem.data)
 *libc.a:*(.progmem.data)
 *(.progmem*)
                0x00000054                . = ALIGN (0x2)
 *(.jumptables)
 *(.jumptables*)
 *(.lowtext)
 *(.lowtext*)
                0x00000054                __ctors_start = .
 *(.ctors)
                0x00000054                __ctors_end = .
                0x00000054                __dtors_start = .
 *(.dtors)
                0x00000054                __dtors_end = .
 SORT(*)(.ctors)
 SORT(*)(.dtors)
 *(.init0)
 .init0         0x00000054        0x0 C:/Program Files (x86)/Atmel/Studio/7.0/Packs/atmel/ATmega_DFP/1.6.364/gcc/dev/atmega32/avr5/crtatmega32.o
                0x00000054                __init
 *(.init0)
 *(.init1)
 *(.init1)
 *(.init2)
 .init2         0x00000054        0xc C:/Program Files (x86)/Atmel/Studio/7.0/Packs/atmel/ATmega_DFP/1.6.364/gcc/dev/atmega32/avr5/crtatmega32.o
 *(.init2)
 *(.init3)
 *(.init3)
 *(.init4)
 .init4         0x00000060       0x16 c:/program files (x86)/atmel/studio/7.0/toolchain/avr8/avr8-gnu-toolchain/bin/../lib/gcc/avr/5.4.0/avr5\libgcc.a(_copy_data.o)
                0x00000060                __do_copy_data
 .init4         0x00000076       0x10 c:/program files (x86)/atmel/studio/7.0/toolchain/avr8/avr8-gnu-toolchain/bin/../lib/gcc/avr/5.4.0/avr5\libgcc.a(_clear_bss.o)
                0x00000076                __do_clear_bss
 *(.init4)
 *(.init5)
 *(.init5)
 *(.init6)
 *(.init6)
 *(.init7)
 *(.init7)
 *(.init8)
 *(.init8)
 *(.init9)
 .init9         0x00000086        0x8 C:/Program Files (x86)/Atmel/Studio/7.0/Packs/atmel/ATmega_DFP/1.6.364/gcc/dev/atmega32/avr5/crtatmega32.o
 *(.init9)
 *(.text)
 .text          0x0000008e        0x4 C:/Program Files (x86)/Atmel/Studio/7.0/Packs/atmel/ATmega_DFP/1.6.364/gcc/dev/atmega32/avr5/crtatmega32.o
                0x0000008e                __vector_1
                0x0000008e                __bad_interrupt
                0x0000008e                __vector_3
                0x0000008e                __vector_17
                0x0000008e                __vector_19
                0x0000008e                __vector_2
                0x0000008e                __vector_16
                0x0000008e                __vector_18
                0x0000008e                __vector_20
                0x00000092                . = ALIGN (0x2)
 *(.text.*)
 .text.Keypad_init
                0x00000092       0x26 ECUAL/Keypad Module/Keypad.o
                0x00000092                Keypad_init
 .text.Keypad_readKey
                0x000000b8       0xf4 ECUAL/Keypad Module/Keypad.o
                0x000000b8                Keypad_readKey
 .text.Lcd_WriteData
                0x000001ac       0x60 ECUAL/Lcd Module/Lcd.o
 .text.Lcd_EnableToggle
                0x0000020c       0x26 ECUAL/Lcd Module/Lcd.o
 .text.Lcd_sendCommand
                0x00000232       0x2c ECUAL/Lcd Module/Lcd.o
                0x00000232                Lcd_sendCommand
 .text.Lcd_init
                0x0000025e       0x60 ECUAL/Lcd Module/Lcd.o
                0x0000025e                Lcd_init
 .text.Lcd_setCursor
                0x000002be       0x36 ECUAL/Lcd Module/Lcd.o
                0x000002be                Lcd_setCursor
 .text.Lcd_printChar
                0x000002f4       0x38 ECUAL/Lcd Module/Lcd.o
                0x000002f4                Lcd_printChar
 .text.Lcd_printString
                0x0000032c       0x28 ECUAL/Lcd Module/Lcd.o
                0x0000032c                Lcd_printString
 .text.Uart_RXC_ISR
                0x00000354       0x72 ECUAL/Terminal Module/Terminal.o
                0x00000354                Uart_RXC_ISR
 .text.Terminal_init
                0x000003c6       0x2a ECUAL/Terminal Module/Terminal.o
                0x000003c6                Terminal_init
 .text.Terminal_Out
                0x000003f0       0x36 ECUAL/Terminal Module/Terminal.o
                0x000003f0                Terminal_Out
 .text.main     0x00000426       0x62 main.o
                0x00000426                main
 .text.Delay_ms
                0x00000488      0x120 MCAL/Delay Module/Delay.o
                0x00000488                Delay_ms
 .text.Dio_init
                0x000005a8      0x1dc MCAL/Dio Module/Dio.o
                0x000005a8                Dio_init
 .text.Dio_writePin
                0x00000784      0x132 MCAL/Dio Module/Dio.o
                0x00000784                Dio_writePin
 .text.Dio_readPin
                0x000008b6      0x10a MCAL/Dio Module/Dio.o
                0x000008b6                Dio_readPin
 .text.Gpt_ISRHandler
                0x000009c0       0x96 MCAL/Gpt Module/Gpt.o
 .text.__vector_11
                0x00000a56       0x4a MCAL/Gpt Module/Gpt.o
                0x00000a56                __vector_11
 .text.__vector_10
                0x00000aa0       0x4a MCAL/Gpt Module/Gpt.o
                0x00000aa0                __vector_10
 .text.__vector_9
                0x00000aea       0x4a MCAL/Gpt Module/Gpt.o
                0x00000aea                __vector_9
 .text.__vector_6
                0x00000b34       0x4a MCAL/Gpt Module/Gpt.o
                0x00000b34                __vector_6
 .text.__vector_7
                0x00000b7e       0x4a MCAL/Gpt Module/Gpt.o
                0x00000b7e                __vector_7
 .text.__vector_8
                0x00000bc8       0x4a MCAL/Gpt Module/Gpt.o
                0x00000bc8                __vector_8
 .text.__vector_4
                0x00000c12       0x4a MCAL/Gpt Module/Gpt.o
                0x00000c12                __vector_4
 .text.__vector_5
                0x00000c5c       0x4a MCAL/Gpt Module/Gpt.o
                0x00000c5c                __vector_5
 .text.__vector_12
                0x00000ca6       0x4e MCAL/Spi Module/Spi.o
                0x00000ca6                __vector_12
 .text.Uart_init
                0x00000cf4       0x2c MCAL/Uart Module/Uart.o
                0x00000cf4                Uart_init
 .text.Uart_sendByte
                0x00000d20       0x16 MCAL/Uart Module/Uart.o
                0x00000d20                Uart_sendByte
 .text.Uart_sendPacket
                0x00000d36       0x4e MCAL/Uart Module/Uart.o
                0x00000d36                Uart_sendPacket
 .text.Uart_EnableNotification_RXC
                0x00000d84       0x2a MCAL/Uart Module/Uart.o
                0x00000d84                Uart_EnableNotification_RXC
 .text.Uart_DataRegister
                0x00000dae        0x4 MCAL/Uart Module/Uart.o
                0x00000dae                Uart_DataRegister
 .text.__vector_15
                0x00000db2       0x4e MCAL/Uart Module/Uart.o
                0x00000db2                __vector_15
 .text.__vector_13
                0x00000e00       0x4e MCAL/Uart Module/Uart.o
                0x00000e00                __vector_13
 .text.__vector_14
                0x00000e4e       0x4e MCAL/Uart Module/Uart.o
                0x00000e4e                __vector_14
 .text.stringLength
                0x00000e9c       0x18 StringManipulation.o
                0x00000e9c                stringLength
 .text.libgcc   0x00000eb4       0x18 c:/program files (x86)/atmel/studio/7.0/toolchain/avr8/avr8-gnu-toolchain/bin/../lib/gcc/avr/5.4.0/avr5\libgcc.a(_adddi3_s8.o)
                0x00000eb4                __adddi3_s8
 .text.libgcc   0x00000ecc       0x12 c:/program files (x86)/atmel/studio/7.0/toolchain/avr8/avr8-gnu-toolchain/bin/../lib/gcc/avr/5.4.0/avr5\libgcc.a(_cmpdi2.o)
                0x00000ecc                __cmpdi2
 .text.libgcc   0x00000ede       0x18 c:/program files (x86)/atmel/studio/7.0/toolchain/avr8/avr8-gnu-toolchain/bin/../lib/gcc/avr/5.4.0/avr5\libgcc.a(_cmpdi2_s8.o)
                0x00000ede                __cmpdi2_s8
                0x00000ef6                . = ALIGN (0x2)
 *(.fini9)
 .fini9         0x00000ef6        0x0 c:/program files (x86)/atmel/studio/7.0/toolchain/avr8/avr8-gnu-toolchain/bin/../lib/gcc/avr/5.4.0/avr5\libgcc.a(_exit.o)
                0x00000ef6                _exit
                0x00000ef6                exit
 *(.fini9)
 *(.fini8)
 *(.fini8)
 *(.fini7)
 *(.fini7)
 *(.fini6)
 *(.fini6)
 *(.fini5)
 *(.fini5)
 *(.fini4)
 *(.fini4)
 *(.fini3)
 *(.fini3)
 *(.fini2)
 *(.fini2)
 *(.fini1)
 *(.fini1)
 *(.fini0)
 .fini0         0x00000ef6        0x4 c:/program files (x86)/atmel/studio/7.0/toolchain/avr8/avr8-gnu-toolchain/bin/../lib/gcc/avr/5.4.0/avr5\libgcc.a(_exit.o)
 *(.fini0)
                0x00000efa                _etext = .

.data           0x00800060       0x62 load address 0x00000efa
                0x00800060                PROVIDE (__data_start, .)
 *(.data)
 *(.data*)
 .data.genu_KeypadModuleState
                0x00800060        0x1 ECUAL/Keypad Module/Keypad.o
 .data.gau8_ButtonSymbols
                0x00800061        0xc ECUAL/Keypad Module/Keypad_Cfg.o
                0x00800061                gau8_ButtonSymbols
 .data.gau8_Rows
                0x0080006d        0x4 ECUAL/Keypad Module/Keypad_Cfg.o
                0x0080006d                gau8_Rows
 .data.gau8_Columns
                0x00800071        0x3 ECUAL/Keypad Module/Keypad_Cfg.o
                0x00800071                gau8_Columns
 .data.genu_LcdModuleState
                0x00800074        0x1 ECUAL/Lcd Module/Lcd.o
 .data.genu_TerminalModuleState
                0x00800075        0x1 ECUAL/Terminal Module/Terminal.o
 .data.strDio_pins
                0x00800076       0x38 MCAL/Dio Module/Dio_Cfg.o
                0x00800076                strDio_pins
 *(.gnu.linkonce.d*)
 *(.rodata)
 *(.rodata*)
 .rodata.str1.1
                0x008000ae       0x10 main.o
 .rodata.Timers_Configurations
                0x008000be        0x3 MCAL/Gpt Module/Gpt_Cfg.o
                0x008000be                Timers_Configurations
 *(.gnu.linkonce.r*)
                0x008000c2                . = ALIGN (0x2)
 *fill*         0x008000c1        0x1 
                0x008000c2                _edata = .
                0x008000c2                PROVIDE (__data_end, .)

.bss            0x008000c2      0x114
                0x008000c2                PROVIDE (__bss_start, .)
 *(.bss)
 *(.bss*)
 .bss.gu8_flag  0x008000c2        0x1 ECUAL/Terminal Module/Terminal.o
                0x008000c2                gu8_flag
 .bss.gu8_counter
                0x008000c3        0x1 ECUAL/Terminal Module/Terminal.o
                0x008000c3                gu8_counter
 .bss.gau8_data
                0x008000c4       0xff ECUAL/Terminal Module/Terminal.o
                0x008000c4                gau8_data
 .bss.u8_Dio_Status
                0x008001c3        0x1 MCAL/Dio Module/Dio.o
 .bss.pstrDio_pinsConfig
                0x008001c4        0x2 MCAL/Dio Module/Dio.o
 .bss.u32_Channels_ISR_Count
                0x008001c6        0x4 MCAL/Gpt Module/Gpt.o
                0x008001c6                u32_Channels_ISR_Count
 .bss.enuChannelsState
                0x008001ca        0x1 MCAL/Gpt Module/Gpt.o
                0x008001ca                enuChannelsState
 .bss.Gpt_Timer0_CallBackPtr
                0x008001cb        0x2 MCAL/Gpt Module/Gpt.o
 .bss.SPI_STC_CallBackPtr
                0x008001cd        0x2 MCAL/Spi Module/Spi.o
 .bss.u8_Uart_Status
                0x008001cf        0x1 MCAL/Uart Module/Uart.o
 .bss.Uart_UDRE_CallBackPtr
                0x008001d0        0x2 MCAL/Uart Module/Uart.o
 .bss.Uart_RXC_CallBackPtr
                0x008001d2        0x2 MCAL/Uart Module/Uart.o
 .bss.Uart_TXC_CallBackPtr
                0x008001d4        0x2 MCAL/Uart Module/Uart.o
 *(COMMON)
                0x008001d6                PROVIDE (__bss_end, .)
                0x00000efa                __data_load_start = LOADADDR (.data)
                0x00000f5c                __data_load_end = (__data_load_start + SIZEOF (.data))

.noinit         0x008001d6        0x0
                [!provide]                PROVIDE (__noinit_start, .)
 *(.noinit*)
                [!provide]                PROVIDE (__noinit_end, .)
                0x008001d6                _end = .
                [!provide]                PROVIDE (__heap_start, .)

.eeprom         0x00810000        0x0
 *(.eeprom*)
                0x00810000                __eeprom_end = .

.fuse
 *(.fuse)
 *(.lfuse)
 *(.hfuse)
 *(.efuse)

.lock
 *(.lock*)

.signature
 *(.signature*)

.user_signatures
 *(.user_signatures*)

.stab
 *(.stab)

.stabstr
 *(.stabstr)

.stab.excl
 *(.stab.excl)

.stab.exclstr
 *(.stab.exclstr)

.stab.index
 *(.stab.index)

.stab.indexstr
 *(.stab.indexstr)

.comment        0x00000000       0x30
 *(.comment)
 .comment       0x00000000       0x30 ECUAL/Keypad Module/Keypad.o
                                 0x31 (size before relaxing)
 .comment       0x00000030       0x31 ECUAL/Keypad Module/Keypad_Cfg.o
 .comment       0x00000030       0x31 ECUAL/Lcd Module/Lcd.o
 .comment       0x00000030       0x31 ECUAL/Terminal Module/Terminal.o
 .comment       0x00000030       0x31 main.o
 .comment       0x00000030       0x31 MCAL/Delay Module/Delay.o
 .comment       0x00000030       0x31 MCAL/Dio Module/Dio.o
 .comment       0x00000030       0x31 MCAL/Dio Module/Dio_Cfg.o
 .comment       0x00000030       0x31 MCAL/Gpt Module/Gpt.o
 .comment       0x00000030       0x31 MCAL/Gpt Module/Gpt_Cfg.o
 .comment       0x00000030       0x31 MCAL/Spi Module/Spi.o
 .comment       0x00000030       0x31 MCAL/Uart Module/Uart.o
 .comment       0x00000030       0x31 StringManipulation.o

.note.gnu.avr.deviceinfo
                0x00000000       0x3c
 .note.gnu.avr.deviceinfo
                0x00000000       0x3c C:/Program Files (x86)/Atmel/Studio/7.0/Packs/atmel/ATmega_DFP/1.6.364/gcc/dev/atmega32/avr5/crtatmega32.o

.note.gnu.build-id
 *(.note.gnu.build-id)

.debug
 *(.debug)

.line
 *(.line)

.debug_srcinfo
 *(.debug_srcinfo)

.debug_sfnames
 *(.debug_sfnames)

.debug_aranges  0x00000000      0x310
 *(.debug_aranges)
 .debug_aranges
                0x00000000       0x28 ECUAL/Keypad Module/Keypad.o
 .debug_aranges
                0x00000028       0x18 ECUAL/Keypad Module/Keypad_Cfg.o
 .debug_aranges
                0x00000040       0x50 ECUAL/Lcd Module/Lcd.o
 .debug_aranges
                0x00000090       0x38 ECUAL/Terminal Module/Terminal.o
 .debug_aranges
                0x000000c8       0x20 main.o
 .debug_aranges
                0x000000e8       0x30 MCAL/Delay Module/Delay.o
 .debug_aranges
                0x00000118       0x38 MCAL/Dio Module/Dio.o
 .debug_aranges
                0x00000150       0x18 MCAL/Dio Module/Dio_Cfg.o
 .debug_aranges
                0x00000168       0x80 MCAL/Gpt Module/Gpt.o
 .debug_aranges
                0x000001e8       0x18 MCAL/Gpt Module/Gpt_Cfg.o
 .debug_aranges
                0x00000200       0x50 MCAL/Spi Module/Spi.o
 .debug_aranges
                0x00000250       0x80 MCAL/Uart Module/Uart.o
 .debug_aranges
                0x000002d0       0x40 StringManipulation.o

.debug_pubnames
 *(.debug_pubnames)

.debug_info     0x00000000     0x274f
 *(.debug_info .gnu.linkonce.wi.*)
 .debug_info    0x00000000      0x4e6 C:/Program Files (x86)/Atmel/Studio/7.0/Packs/atmel/ATmega_DFP/1.6.364/gcc/dev/atmega32/avr5/crtatmega32.o
 .debug_info    0x000004e6      0x31a ECUAL/Keypad Module/Keypad.o
 .debug_info    0x00000800       0xe2 ECUAL/Keypad Module/Keypad_Cfg.o
 .debug_info    0x000008e2      0x5ae ECUAL/Lcd Module/Lcd.o
 .debug_info    0x00000e90      0x332 ECUAL/Terminal Module/Terminal.o
 .debug_info    0x000011c2      0x23e main.o
 .debug_info    0x00001400      0x138 MCAL/Delay Module/Delay.o
 .debug_info    0x00001538      0x247 MCAL/Dio Module/Dio.o
 .debug_info    0x0000177f      0x108 MCAL/Dio Module/Dio_Cfg.o
 .debug_info    0x00001887      0x535 MCAL/Gpt Module/Gpt.o
 .debug_info    0x00001dbc      0x169 MCAL/Gpt Module/Gpt_Cfg.o
 .debug_info    0x00001f25      0x20a MCAL/Spi Module/Spi.o
 .debug_info    0x0000212f      0x3ea MCAL/Uart Module/Uart.o
 .debug_info    0x00002519      0x236 StringManipulation.o

.debug_abbrev   0x00000000     0x1143
 *(.debug_abbrev)
 .debug_abbrev  0x00000000      0x4a3 C:/Program Files (x86)/Atmel/Studio/7.0/Packs/atmel/ATmega_DFP/1.6.364/gcc/dev/atmega32/avr5/crtatmega32.o
 .debug_abbrev  0x000004a3      0x134 ECUAL/Keypad Module/Keypad.o
 .debug_abbrev  0x000005d7       0x4b ECUAL/Keypad Module/Keypad_Cfg.o
 .debug_abbrev  0x00000622      0x164 ECUAL/Lcd Module/Lcd.o
 .debug_abbrev  0x00000786      0x132 ECUAL/Terminal Module/Terminal.o
 .debug_abbrev  0x000008b8       0xd6 main.o
 .debug_abbrev  0x0000098e       0xa7 MCAL/Delay Module/Delay.o
 .debug_abbrev  0x00000a35       0xc3 MCAL/Dio Module/Dio.o
 .debug_abbrev  0x00000af8       0x7f MCAL/Dio Module/Dio_Cfg.o
 .debug_abbrev  0x00000b77      0x1a4 MCAL/Gpt Module/Gpt.o
 .debug_abbrev  0x00000d1b       0x86 MCAL/Gpt Module/Gpt_Cfg.o
 .debug_abbrev  0x00000da1      0x12a MCAL/Spi Module/Spi.o
 .debug_abbrev  0x00000ecb      0x186 MCAL/Uart Module/Uart.o
 .debug_abbrev  0x00001051       0xf2 StringManipulation.o

.debug_line     0x00000000     0x18ca
 *(.debug_line .debug_line.* .debug_line_end)
 .debug_line    0x00000000      0x116 C:/Program Files (x86)/Atmel/Studio/7.0/Packs/atmel/ATmega_DFP/1.6.364/gcc/dev/atmega32/avr5/crtatmega32.o
 .debug_line    0x00000116      0x1b8 ECUAL/Keypad Module/Keypad.o
 .debug_line    0x000002ce       0x85 ECUAL/Keypad Module/Keypad_Cfg.o
 .debug_line    0x00000353      0x30d ECUAL/Lcd Module/Lcd.o
 .debug_line    0x00000660      0x24b ECUAL/Terminal Module/Terminal.o
 .debug_line    0x000008ab      0x15c main.o
 .debug_line    0x00000a07       0xd4 MCAL/Delay Module/Delay.o
 .debug_line    0x00000adb      0x2f6 MCAL/Dio Module/Dio.o
 .debug_line    0x00000dd1       0x6d MCAL/Dio Module/Dio_Cfg.o
 .debug_line    0x00000e3e      0x38a MCAL/Gpt Module/Gpt.o
 .debug_line    0x000011c8       0x6d MCAL/Gpt Module/Gpt_Cfg.o
 .debug_line    0x00001235      0x1e3 MCAL/Spi Module/Spi.o
 .debug_line    0x00001418      0x31b MCAL/Uart Module/Uart.o
 .debug_line    0x00001733      0x197 StringManipulation.o

.debug_frame    0x00000000      0x95c
 *(.debug_frame)
 .debug_frame   0x00000000       0x6c ECUAL/Keypad Module/Keypad.o
 .debug_frame   0x0000006c       0xa8 ECUAL/Lcd Module/Lcd.o
 .debug_frame   0x00000114       0x6c ECUAL/Terminal Module/Terminal.o
 .debug_frame   0x00000180       0x34 main.o
 .debug_frame   0x000001b4       0xa4 MCAL/Delay Module/Delay.o
 .debug_frame   0x00000258       0x54 MCAL/Dio Module/Dio.o
 .debug_frame   0x000002ac      0x344 MCAL/Gpt Module/Gpt.o
 .debug_frame   0x000005f0       0xdc MCAL/Spi Module/Spi.o
 .debug_frame   0x000006cc      0x1fc MCAL/Uart Module/Uart.o
 .debug_frame   0x000008c8       0x94 StringManipulation.o

.debug_str      0x00000000     0x13c7
 *(.debug_str)
 .debug_str     0x00000000      0x196 C:/Program Files (x86)/Atmel/Studio/7.0/Packs/atmel/ATmega_DFP/1.6.364/gcc/dev/atmega32/avr5/crtatmega32.o
 .debug_str     0x00000196      0x45d ECUAL/Keypad Module/Keypad.o
                                0x49c (size before relaxing)
 .debug_str     0x000005f3       0x24 ECUAL/Keypad Module/Keypad_Cfg.o
                                0x1e6 (size before relaxing)
 .debug_str     0x00000617      0x178 ECUAL/Lcd Module/Lcd.o
                                0x492 (size before relaxing)
 .debug_str     0x0000078f      0x2b9 ECUAL/Terminal Module/Terminal.o
                                0x451 (size before relaxing)
 .debug_str     0x00000a48       0x30 main.o
                                0x310 (size before relaxing)
 .debug_str     0x00000a78       0x63 MCAL/Delay Module/Delay.o
                                0x1f3 (size before relaxing)
 .debug_str     0x00000adb       0x78 MCAL/Dio Module/Dio.o
                                0x37b (size before relaxing)
 .debug_str     0x00000b53       0x1d MCAL/Dio Module/Dio_Cfg.o
                                0x238 (size before relaxing)
 .debug_str     0x00000b70      0x456 MCAL/Gpt Module/Gpt.o
                                0x604 (size before relaxing)
 .debug_str     0x00000fc6       0x1d MCAL/Gpt Module/Gpt_Cfg.o
                                0x35e (size before relaxing)
 .debug_str     0x00000fe3      0x1bf MCAL/Spi Module/Spi.o
                                0x35f (size before relaxing)
 .debug_str     0x000011a2      0x1b8 MCAL/Uart Module/Uart.o
                                0x494 (size before relaxing)
 .debug_str     0x0000135a       0x6d StringManipulation.o
                                0x22d (size before relaxing)

.debug_loc      0x00000000     0x1e28
 *(.debug_loc)
 .debug_loc     0x00000000      0x18f ECUAL/Keypad Module/Keypad.o
 .debug_loc     0x0000018f      0x23e ECUAL/Lcd Module/Lcd.o
 .debug_loc     0x000003cd      0x136 ECUAL/Terminal Module/Terminal.o
 .debug_loc     0x00000503       0x5b main.o
 .debug_loc     0x0000055e      0x2f2 MCAL/Delay Module/Delay.o
 .debug_loc     0x00000850      0x178 MCAL/Dio Module/Dio.o
 .debug_loc     0x000009c8      0x97d MCAL/Gpt Module/Gpt.o
 .debug_loc     0x00001345      0x1e9 MCAL/Spi Module/Spi.o
 .debug_loc     0x0000152e      0x62b MCAL/Uart Module/Uart.o
 .debug_loc     0x00001b59      0x2cf StringManipulation.o

.debug_macinfo
 *(.debug_macinfo)

.debug_weaknames
 *(.debug_weaknames)

.debug_funcnames
 *(.debug_funcnames)

.debug_typenames
 *(.debug_typenames)

.debug_varnames
 *(.debug_varnames)

.debug_pubtypes
 *(.debug_pubtypes)

.debug_ranges   0x00000000      0x228
 *(.debug_ranges)
 .debug_ranges  0x00000000       0x18 ECUAL/Keypad Module/Keypad.o
 .debug_ranges  0x00000018       0x40 ECUAL/Lcd Module/Lcd.o
 .debug_ranges  0x00000058       0x28 ECUAL/Terminal Module/Terminal.o
 .debug_ranges  0x00000080       0x10 main.o
 .debug_ranges  0x00000090       0x20 MCAL/Delay Module/Delay.o
 .debug_ranges  0x000000b0       0x28 MCAL/Dio Module/Dio.o
 .debug_ranges  0x000000d8       0x70 MCAL/Gpt Module/Gpt.o
 .debug_ranges  0x00000148       0x40 MCAL/Spi Module/Spi.o
 .debug_ranges  0x00000188       0x70 MCAL/Uart Module/Uart.o
 .debug_ranges  0x000001f8       0x30 StringManipulation.o

.debug_macro
 *(.debug_macro)
OUTPUT(AVR_DriversDevelopment.elf elf32-avr)
LOAD linker stubs
